✔ all six spotlight selections stay coherent and open the same adviser in the real consultation controller (49.3918ms)
✔ Arrow keys wrap, Home/End select their endpoints, and unrelated keys keep native behavior (13.6455ms)
✔ reduced-motion startup preserves usable selection without reveal or pointer work (21.8956ms)
✔ live reduced-motion preference cancels pending work, removes effects and can safely re-enable observation (14.8545ms)
✔ fine-pointer bursts coalesce into one frame; depth remains bounded and leave cancels it (12.2763ms)
✔ coarse pointers and touch do no depth work; changing pointer capabilities clears active effects (34.0424ms)
✔ missing or failing IntersectionObserver preserves readable content and spotlight operation (32.5024ms)
✔ observed content animates only on entry and completed targets stop being observed (11.901ms)
✔ duplicate section load is idempotent and unload cleans up media, pointer, observer and pending frame work (13.3894ms)
✔ all interaction paths avoid model/network/storage APIs and keep controls outside aria-hidden ancestors (12.2431ms)
✔ real controller waits for 30 seconds of elapsed time, never interval count (15.3181ms)
✔ backgrounded tab catches up on visibility restoration and pageshow (10.2367ms)
✔ close restores focus and scroll; reopening starts a fresh full interval (3.9945ms)
✔ skip enters the labelled room and native Escape closure restores its opener (4.8905ms)
✔ keyboard focus wraps using only currently visible, enabled dialog controls (4.5348ms)
✔ every adviser uses its own profile and the preview makes no network or persistence access (7.9122ms)
✔ unsupported or failed modal opening keeps the page usable and exposes no fake chat (8.225ms)
✔ repeated section initialisation and unload do not duplicate timers or leak listeners (5.5994ms)
✔ six versioned AI profiles, theme blocks and customer names agree; Jane is featured (6.3972ms)
✔ the English locale is additive against the verified production baseline (152.1949ms)
ℹ tests 20
ℹ suites 0
ℹ pass 20
ℹ fail 0
ℹ cancelled 0
ℹ skipped 0
ℹ todo 0
ℹ duration_ms 490.9964
