✔ Dawn contains the 14 unique Window Type route definitions (6.5481ms)
✔ Dawn delegates decisions to the signed app proxy and retains isolated test-checkout support (9.9989ms)
✔ the specialist workflow has no upload requirement and never renders a payment control (3.3934ms)
✔ manual quote results suppress numeric prices and expose review submission without checkout (3.8553ms)
✔ Bay uses one fitted-track route width and drop without angles or segment controls (3.7243ms)
✔ Only supported automated windows are actionable and unsupported routes cannot price (3.4314ms)
✔ Review evidence appears only after a server review outcome, without uploads or premature checkout (4.2913ms)
✔ task navigation uses resolvable theme-owned inspiration, help and sample anchors (23.6153ms)
✔ the Dawn header uses the task navigation instead of the production main menu (3.472ms)
✔ Dawn uses paginated retail imagery and retains canonical sample identity without commercial fields (7.6082ms)
✔ a Fabric Master deep link is validated, hydrated through the catalogue, and fails closed when unresolved (3.9473ms)
✔ Dawn purchase controls stay off independently of production indexing and Shopify Markets (4.9631ms)
✔ all inherited Dawn commerce controls are disabled in the unpublished staging theme (13.9888ms)
✔ results always show VAT, availability and delivery while standard results avoid specialist warnings (3.3677ms)
✔ reviewed configurations resume through a fragment capability and revalidate the exact revision server-side (3.7634ms)
✔ Dawn emits the launch funnel without supplier-commercial analytics fields (2.0899ms)
✔ mobile controls meet the 44px staging target and avoid iOS input zoom (3.0768ms)
✔ persistent task, logo and footer navigation meet the 44px staging target (2.1347ms)
ℹ tests 18
ℹ suites 0
ℹ pass 18
ℹ fail 0
ℹ cancelled 0
ℹ skipped 0
ℹ todo 0
ℹ duration_ms 589.0126
