✔ all six spotlight selections stay coherent and open the same adviser in the real consultation controller (35.5752ms)
✔ Arrow keys wrap, Home/End select their endpoints, and unrelated keys keep native behavior (12.7001ms)
✔ reduced-motion startup preserves usable selection without reveal or pointer work (15.983ms)
✔ live reduced-motion preference cancels pending work, removes effects and can safely re-enable observation (13.3538ms)
✔ fine-pointer bursts coalesce into one frame; depth remains bounded and leave cancels it (12.1141ms)
✔ coarse pointers and touch do no depth work; changing pointer capabilities clears active effects (26.6056ms)
✔ missing or failing IntersectionObserver preserves readable content and spotlight operation (30.558ms)
✔ observed content animates only on entry and completed targets stop being observed (11.2609ms)
✔ duplicate section load is idempotent and unload cleans up media, pointer, observer and pending frame work (18.0265ms)
✔ all interaction paths avoid model/network/storage APIs and keep controls outside aria-hidden ancestors (8.3412ms)
✔ real controller waits for 30 seconds of elapsed time, never interval count (13.5318ms)
✔ backgrounded tab catches up on visibility restoration and pageshow (10.7961ms)
✔ close restores focus and scroll; reopening starts a fresh full interval (4.8481ms)
✔ skip enters the labelled room and native Escape closure restores its opener (4.6844ms)
✔ keyboard focus wraps using only currently visible, enabled dialog controls (5.464ms)
✔ every adviser uses its own profile and the preview makes no network or persistence access (9.619ms)
✔ unsupported or failed modal opening keeps the page usable and exposes no fake chat (7.3305ms)
✔ repeated section initialisation and unload do not duplicate timers or leak listeners (5.3859ms)
✔ six versioned AI profiles, theme blocks and customer names agree; Jane is featured (5.6562ms)
✔ the English locale is additive against the verified production baseline (166.5779ms)
ℹ tests 20
ℹ suites 0
ℹ pass 20
ℹ fail 0
ℹ cancelled 0
ℹ skipped 0
ℹ todo 0
ℹ duration_ms 459.3852
