✔ Dawn contains the 14 unique Window Type route definitions (6.2993ms)
✔ Dawn delegates decisions to the signed app proxy and retains isolated test-checkout support (9.7224ms)
✔ the specialist workflow has no upload requirement and never renders a payment control (2.1482ms)
✔ manual quote results suppress numeric prices and expose review submission without checkout (2.7176ms)
✔ Bay uses one fitted-track route width and drop without angles or segment controls (2.3679ms)
✔ Only supported automated windows are actionable and unsupported routes cannot price (3.0124ms)
✔ Review evidence appears only after a server review outcome, without uploads or premature checkout (2.1495ms)
✔ task navigation uses resolvable theme-owned inspiration, help and sample anchors (16.5981ms)
✔ the Dawn header uses the task navigation instead of the production main menu (2.7354ms)
✔ Dawn uses paginated retail imagery and retains canonical sample identity without commercial fields (4.25ms)
✔ a Fabric Master deep link is validated, hydrated through the catalogue, and fails closed when unresolved (3.4154ms)
✔ Dawn purchase controls stay off independently of production indexing and Shopify Markets (3.5633ms)
✔ all inherited Dawn commerce controls are disabled in the unpublished staging theme (6.9764ms)
✔ results always show VAT, availability and delivery while standard results avoid specialist warnings (2.2643ms)
✔ reviewed configurations resume through a fragment capability and revalidate the exact revision server-side (1.648ms)
✔ Dawn emits the launch funnel without supplier-commercial analytics fields (2.0042ms)
✔ mobile controls meet the 44px staging target and avoid iOS input zoom (3.3219ms)
✔ persistent task, logo and footer navigation meet the 44px staging target (1.9612ms)
ℹ tests 18
ℹ suites 0
ℹ pass 18
ℹ fail 0
ℹ cancelled 0
ℹ skipped 0
ℹ todo 0
ℹ duration_ms 516.8992
