✔ Dawn contains the 14 unique Window Type route definitions (6.8642ms)
✔ Dawn delegates decisions to the signed app proxy and retains isolated test-checkout support (81.9352ms)
✔ the specialist workflow has no upload requirement and never renders a payment control (4.5277ms)
✔ manual quote results suppress numeric prices and expose review submission without checkout (4.7162ms)
✔ Bay uses one fitted-track route width and drop without angles or segment controls (5.3197ms)
✔ Only supported automated windows are actionable and unsupported routes cannot price (3.6816ms)
✔ Review evidence appears only after a server review outcome, without uploads or premature checkout (4.1627ms)
✔ task navigation uses resolvable theme-owned inspiration, help and sample anchors (30.9958ms)
✔ the Dawn header uses the task navigation instead of the production main menu (3.9016ms)
✔ Dawn uses paginated retail imagery and retains canonical sample identity without commercial fields (7.8493ms)
✔ a Fabric Master deep link is validated, hydrated through the catalogue, and fails closed when unresolved (4.9279ms)
✔ Dawn purchase controls stay off independently of production indexing and Shopify Markets (5.4875ms)
✔ all inherited Dawn commerce controls are disabled in the unpublished staging theme (17.1698ms)
✔ results always show VAT, availability and delivery while standard results avoid specialist warnings (5.1436ms)
✔ reviewed configurations resume through a fragment capability and revalidate the exact revision server-side (3.5126ms)
✔ Dawn emits the launch funnel without supplier-commercial analytics fields (2.7382ms)
✔ mobile controls meet the 44px staging target and avoid iOS input zoom (3.8734ms)
✔ persistent task, logo and footer navigation meet the 44px staging target (3.5605ms)
ℹ tests 18
ℹ suites 0
ℹ pass 18
ℹ fail 0
ℹ cancelled 0
ℹ skipped 0
ℹ todo 0
ℹ duration_ms 1513.9491
